Analyzing flutter_notes...                                      

   info - The imported package 'intl' isn't a dependency of the importing package - lib\screen\add_activity_screen.dart:4:8 - depend_on_referenced_packages
  error - Target of URI doesn't exist: 'package:intl/intl.dart' - lib\screen\add_activity_screen.dart:4:8 - uri_does_not_exist
   info - Statements in an if should be enclosed in a block - lib\screen\add_activity_screen.dart:113:11 - curly_braces_in_flow_control_structures
   info - Statements in an if should be enclosed in a block - lib\screen\add_activity_screen.dart:115:11 - curly_braces_in_flow_control_structures
  error - Undefined name 'DateFormat' - lib\screen\add_activity_screen.dart:221:29 - undefined_identifier
  error - Undefined name 'DateFormat' - lib\screen\add_activity_screen.dart:238:29 - undefined_identifier
   info - The imported package 'intl' isn't a dependency of the importing package - lib\screen\calendar_screen.dart:3:8 - depend_on_referenced_packages
  error - Target of URI doesn't exist: 'package:intl/intl.dart' - lib\screen\calendar_screen.dart:3:8 - uri_does_not_exist
   info - Statements in an if should be enclosed in a block - lib\screen\calendar_screen.dart:340:25 - curly_braces_in_flow_control_structures
  error - Undefined name 'DateFormat' - lib\screen\calendar_screen.dart:564:48 - undefined_identifier
  error - Undefined name 'DateFormat' - lib\screen\calendar_screen.dart:564:117 - undefined_identifier

